{"n": 1, "of": 54, "id": "embedded_latest_0_hidden", "ok": false, "attempts": 2, "written": [], "wall_s": 120.42}
{"n": 2, "of": 54, "id": "embedded_latest_0_exposed", "ok": true, "attempts": 1, "written": ["최신범위읽기"], "wall_s": 27.8}
{"n": 3, "of": 54, "id": "counter_context_1_exposed", "ok": true, "attempts": 1, "written": [], "wall_s": 7.5}
{"n": 4, "of": 54, "id": "counter_context_1_hidden", "ok": true, "attempts": 2, "written": [], "wall_s": 91.68}
{"n": 5, "of": 54, "id": "counter_ledger_0_hidden", "ok": true, "attempts": 1, "written": [], "wall_s": 30.85}
{"n": 6, "of": 54, "id": "counter_ledger_0_exposed", "ok": true, "attempts": 1, "written": [], "wall_s": 91.72}
{"n": 7, "of": 54, "id": "embedded_latest_1_exposed", "ok": true, "attempts": 1, "written": ["최신범위읽기"], "wall_s": 29.25}
{"n": 8, "of": 54, "id": "embedded_latest_1_hidden", "ok": false, "attempts": 2, "written": [], "wall_s": 144.92}
{"n": 9, "of": 54, "id": "direct_context_2_hidden", "ok": false, "attempts": 2, "written": [], "wall_s": 172.83}
{"n": 10, "of": 54, "id": "direct_context_2_exposed", "ok": true, "attempts": 1, "written": ["위치마다읽기"], "wall_s": 8.94}
{"n": 11, "of": 54, "id": "direct_ledger_2_exposed", "ok": true, "attempts": 1, "written": ["원장에누적"], "wall_s": 9.27}
{"n": 12, "of": 54, "id": "direct_ledger_2_hidden", "ok": true, "attempts": 1, "written": [], "wall_s": 139.65}
{"n": 13, "of": 54, "id": "embedded_ledger_2_hidden", "ok": true, "attempts": 1, "written": [], "wall_s": 113.9}
{"n": 14, "of": 54, "id": "embedded_ledger_2_exposed", "ok": true, "attempts": 1, "written": ["원장에누적"], "wall_s": 21.74}
{"n": 15, "of": 54, "id": "direct_ledger_0_exposed", "ok": true, "attempts": 1, "written": ["원장에누적"], "wall_s": 8.07}
{"n": 16, "of": 54, "id": "direct_ledger_0_hidden", "ok": true, "attempts": 1, "written": [], "wall_s": 56.5}
{"n": 17, "of": 54, "id": "direct_ledger_1_hidden", "ok": true, "attempts": 1, "written": [], "wall_s": 70.97}
{"n": 18, "of": 54, "id": "direct_ledger_1_exposed", "ok": true, "attempts": 1, "written": ["원장에누적"], "wall_s": 9.05}
{"n": 19, "of": 54, "id": "embedded_ledger_1_exposed", "ok": true, "attempts": 1, "written": ["원장에누적"], "wall_s": 28.76}
{"n": 20, "of": 54, "id": "embedded_ledger_1_hidden", "ok": true, "attempts": 2, "written": [], "wall_s": 261.21}
{"n": 21, "of": 54, "id": "embedded_context_2_hidden", "ok": false, "attempts": 2, "written": [], "wall_s": 205.35}
{"n": 22, "of": 54, "id": "embedded_context_2_exposed", "ok": true, "attempts": 1, "written": ["위치마다읽기"], "wall_s": 21.02}
{"n": 23, "of": 54, "id": "direct_latest_1_exposed", "ok": true, "attempts": 1, "written": ["최신범위읽기"], "wall_s": 5.62}
{"n": 24, "of": 54, "id": "direct_latest_1_hidden", "ok": false, "attempts": 2, "written": [], "wall_s": 136.71}
{"n": 25, "of": 54, "id": "direct_latest_0_hidden", "ok": true, "attempts": 1, "written": [], "wall_s": 38.19}
{"n": 26, "of": 54, "id": "direct_latest_0_exposed", "ok": true, "attempts": 1, "written": ["최신범위읽기"], "wall_s": 8.62}
{"n": 27, "of": 54, "id": "counter_latest_1_exposed", "ok": true, "attempts": 1, "written": [], "wall_s": 16.89}
{"n": 28, "of": 54, "id": "counter_latest_1_hidden", "ok": true, "attempts": 1, "written": [], "wall_s": 30.39}
{"n": 29, "of": 54, "id": "counter_context_2_hidden", "ok": false, "attempts": 2, "written": [], "wall_s": 189.1}
{"n": 30, "of": 54, "id": "counter_context_2_exposed", "ok": true, "attempts": 1, "written": [], "wall_s": 16.99}
{"n": 31, "of": 54, "id": "counter_latest_2_exposed", "ok": true, "attempts": 1, "written": [], "wall_s": 24.1}
{"n": 32, "of": 54, "id": "counter_latest_2_hidden", "ok": true, "attempts": 1, "written": [], "wall_s": 38.73}
{"n": 33, "of": 54, "id": "embedded_context_0_hidden", "ok": true, "attempts": 2, "written": [], "wall_s": 108.48}
{"n": 34, "of": 54, "id": "embedded_context_0_exposed", "ok": true, "attempts": 1, "written": ["위치마다읽기"], "wall_s": 26.92}
{"n": 35, "of": 54, "id": "embedded_ledger_0_exposed", "ok": true, "attempts": 1, "written": ["원장에누적"], "wall_s": 22.32}
{"n": 36, "of": 54, "id": "embedded_ledger_0_hidden", "ok": true, "attempts": 1, "written": [], "wall_s": 91.89}
{"n": 37, "of": 54, "id": "counter_ledger_1_hidden", "ok": true, "attempts": 1, "written": [], "wall_s": 84.81}
{"n": 38, "of": 54, "id": "counter_ledger_1_exposed", "ok": true, "attempts": 1, "written": [], "wall_s": 86.39}
{"n": 39, "of": 54, "id": "counter_context_0_exposed", "ok": true, "attempts": 2, "written": [], "wall_s": 47.75}
{"n": 40, "of": 54, "id": "counter_context_0_hidden", "ok": false, "attempts": 2, "written": [], "wall_s": 94.74}
{"n": 41, "of": 54, "id": "direct_context_0_hidden", "ok": false, "attempts": 2, "written": [], "wall_s": 157.2}
{"n": 42, "of": 54, "id": "direct_context_0_exposed", "ok": true, "attempts": 1, "written": ["위치마다읽기"], "wall_s": 9.05}
{"n": 43, "of": 54, "id": "counter_ledger_2_exposed", "ok": true, "attempts": 1, "written": [], "wall_s": 37.06}
{"n": 44, "of": 54, "id": "counter_ledger_2_hidden", "ok": true, "attempts": 1, "written": [], "wall_s": 72.77}
{"n": 45, "of": 54, "id": "embedded_context_1_hidden", "ok": false, "attempts": 2, "written": [], "wall_s": 141.43}
{"n": 46, "of": 54, "id": "embedded_context_1_exposed", "ok": true, "attempts": 1, "written": ["위치마다읽기"], "wall_s": 35.08}
{"n": 47, "of": 54, "id": "direct_context_1_exposed", "ok": true, "attempts": 1, "written": ["위치마다읽기"], "wall_s": 14.54}
{"n": 48, "of": 54, "id": "direct_context_1_hidden", "ok": false, "attempts": 2, "written": [], "wall_s": 189.55}
{"n": 49, "of": 54, "id": "embedded_latest_2_hidden", "ok": true, "attempts": 2, "written": [], "wall_s": 100.74}
{"n": 50, "of": 54, "id": "embedded_latest_2_exposed", "ok": true, "attempts": 1, "written": ["최신범위읽기"], "wall_s": 32.47}
{"n": 51, "of": 54, "id": "counter_latest_0_exposed", "ok": true, "attempts": 1, "written": [], "wall_s": 20.76}
{"n": 52, "of": 54, "id": "counter_latest_0_hidden", "ok": false, "attempts": 2, "written": [], "wall_s": 83.48}
{"n": 53, "of": 54, "id": "direct_latest_2_hidden", "ok": false, "attempts": 2, "written": [], "wall_s": 52.71}
{"n": 54, "of": 54, "id": "direct_latest_2_exposed", "ok": true, "attempts": 1, "written": ["최신범위읽기"], "wall_s": 6.08}
